Timestamp: 2026-05-13_03-37-45
PlayerUID: ccb8d5ae-5eb1-4393-8d93-ed43f072adb3
Faction: US
SlotId: Slot1
Skipped Items: 22
---
- Prefab resource not found: '{083483A1C5B8CA13}' (slot 0)
- Prefab resource not found: '{083483A1C5B8CA13}' (slot 1)
- Prefab resource not found: '{083483A1C5B8CA13}' (slot 0)
- Prefab resource not found: '{083483A1C5B8CA13}' (slot 1)
- Prefab resource not found: '{083483A1C5B8CA13}' (slot 2)
- Prefab resource not found: '{083483A1C5B8CA13}' (slot 3)
- Prefab resource not found: '{083483A1C5B8CA13}' (slot 4)
- Prefab resource not found: '{083483A1C5B8CA13}' (slot 0)
- Prefab resource not found: '{083483A1C5B8CA13}' (slot 1)
- Prefab resource not found: '{083483A1C5B8CA13}' (slot 2)
- Prefab resource not found: '{083483A1C5B8CA13}' (slot 0)
- Prefab resource not found: '{083483A1C5B8CA13}' (slot 1)
- Prefab resource not found: '{083483A1C5B8CA13}' (slot 0)
- Prefab resource not found: '{083483A1C5B8CA13}' (slot 1)
- Prefab resource not found: '{083483A1C5B8CA13}' (slot 0)
- Prefab resource not found: '{083483A1C5B8CA13}' (slot 1)
- Prefab resource not found: '{083483A1C5B8CA13}' (slot 0)
- Prefab resource not found: '{083483A1C5B8CA13}' (slot 1)
- Prefab resource not found: '{083483A1C5B8CA13}' (slot 0)
- Prefab resource not found: '{083483A1C5B8CA13}' (slot 1)
- Prefab resource not found: '{24880E53C1ED467A}' (slot 0)
- Prefab resource not found: '{6B42F5E6DC8C7E47}' (slot 0)
